// Jest Snapshot v1, https://goo.gl/fbAQLP

exports[`should render not found page 1`] = `
<div>
  404! PAGE NOT FOUND!
  <Link
    replace={false}
    to="/"
  >
    Back to the Dashboard
  </Link>
</div>
`;
